March 4, 2023 

### é”™è¯¯å¤„ç†

[perror()å‡½æ•°çš„ä½¿ç”¨ - èŒ—è‹¥ç„¶ - åšå®¢å›­](https://www.cnblogs.com/mingruoran/p/14924738.html)

> å½“ç¨‹åºçš„å½“å‰å‡½æ•°ï¼ˆè¿™ç±»å‡½æ•°åŒ…æ‹¬ç³»ç»Ÿå‡½æ•°å’Œåº“å‡½æ•°ï¼‰å‡ºç°é”™è¯¯ï¼Œä¼šå°†é”™è¯¯å€¼ä¿å­˜åœ¨errnoè¿™ä¸ªå…¨å±€å˜é‡ä¸­ï¼Œç„¶åå½“ç¨‹åºæ‰§è¡Œåˆ°perror()å‡½æ•°çš„æ—¶å€™ï¼Œä¼šå…ˆæ‰“å°å‚æ•°sä¸­çš„å­—ç¬¦ä¸²ï¼Œæ¥ç€æ‰“å°ä¸€ä¸ªå†’å·ï¼Œå’Œerrnoå€¼å¯¹åº”çš„é”™è¯¯æè¿°å­—ç¬¦ä¸²ã€‚

[exit(EXIT_FAILURE)_Numen_isnot_delayçš„åšå®¢-CSDNåšå®¢](https://blog.csdn.net/ICANITHINK/article/details/90798689)

> exit(0): æ­£å¸¸æ‰§è¡Œç¨‹åºå¹¶é€€å‡ºç¨‹åºã€‚
>
>
> exit(1): éæ­£å¸¸æ‰§è¡Œå¯¼è‡´é€€å‡ºç¨‹åºã€‚
>
> stdlib.hå¤´æ–‡ä»¶ä¸­ å®šä¹‰äº†ä¸¤ä¸ªå˜é‡ï¼š
>
> #define EXIT_SUCCESS 0
> #define EXIT_FAILURE 1
>
> exit(EXIT_SUCCESS)  : ä»£è¡¨å®‰å…¨é€€å‡ºã€‚
>
> exit(EXIT_FAILURE) ï¼š ä»£è¡¨å¼‚å¸¸é€€å‡ºã€‚

### é‡åˆ°çš„é—®é¢˜ï¼šæ— æ³•ä½¿ç”¨read/write

```bash
PS D:\projects-my\CppServer-Win\cppServer-Win\day02> .\server
server WSAStartup success
new client fd: 284, IP: 127.0.0.1, port: 54882
socket read error: Bad file descriptor
```

ğŸ’¡å°†read/writeæ”¹ä¸ºrecv/sendä¹‹åå¯ä»¥è¿è¡Œ

> recv() å’Œ send() å‡½æ•°åˆ†åˆ«ç”¨äºæ¥å—å’Œå‘é€æ•°æ®ã€‚å¦‚æœæ˜¯åœ¨ linux ä¸‹ï¼Œåˆ™åˆ†åˆ«ä¸º read() å’Œ send() å‡½æ•° ã€‚

```bash
PS D:\projects-my\CppServer-Win\cppServer-Win\day02> .\server
server WSAStartup success
new client fd: 288, IP: 127.0.0.1, port: 54837
message from client fd 288: 123
message from client fd 288: 234
message from client fd 288: 345
message from client fd 288: 456
message from client fd 288: 789
message from client fd 288: 789
socket read error: No error
```

ğŸ’¡ä½†åœ¨clientä¸­control+Cä¹‹åï¼Œä¸æ•™ç¨‹æŠ¥é”™ä¸ä¸€æ ·ã€‚

ğŸ’¡å»ºè®®åœ¨Linuxç³»ç»Ÿä¸Šå†æ¬¡è¯•éªŒã€‚

ğŸ’¡ä¸€ä¸ªæ¯”è¾ƒå¥½çš„æ•™ç¨‹ï¼š

[ï¼ˆåˆå­¦è€…çš„ç¦éŸ³ï¼‰windowsä¸‹å®ç°socketé€šä¿¡(TCP/IP)ä»£ç è¯¦è§£â€”â€”æœåŠ¡ç«¯ç¯‡](https://zhuanlan.zhihu.com/p/551218170)